loaded 4s vram 9996 MemAvail 88434 MiB rss {'VmRSS': 30496524, 'RssAnon': 460584, 'RssFile': 29189112, 'RssShmem': 846828}
{"D0": {"D0_ps": 40.372, "D0_sd": 0.154, "D0_predicted_n": [1400, 1400, 1400]}, "probe_finish": "length", "probe_tok": 500}
---- probe content ----
```python
def merge_intervals(intervals):
    """Merge overlapping closed intervals and return them sorted.

    >>> merge_intervals([(1, 3), (2, 4), (5, 7), (6, 8)])
    [(1, 4), (5, 8)]
   
loaded 4s vram 9996 MemAvail 88392 MiB rss {'VmRSS': 30485292, 'RssAnon': 458452, 'RssFile': 29179740, 'RssShmem': 847100}
{"D0": {"D0_ps": 40.181, "D0_sd": 0.033, "D0_predicted_n": [1400, 1400, 1400]}, "probe_finish": "length", "probe_tok": 500}
---- probe content ----
```python
def merge_intervals(intervals):
    """Merge overlapping closed intervals and return them sorted.

    >>> merge_intervals([(1, 3), (2, 6), (8, 10), (15, 18)])
    [(1, 6), (8, 10), (15, 18)]
    >>> merge_intervals([(1, 4), (4, 5), (7, 9)])
    [(1, 5), (7, 9)]
   
loaded 4s vram 9996 MemAvail 88386 MiB rss {'VmRSS': 30492484, 'RssAnon': 456648, 'RssFile': 29189008, 'RssShmem': 846828}
{"D0": {"D0_ps": 40.53, "D0_sd": 0.017, "D0_predicted_n": [1400, 1400, 1400]}, "probe_finish": "length", "probe_tok": 500}
---- probe content ----
```python
def merge_intervals(intervals):
    """Merge overlapping closed intervals and return them sorted.

    >>> merge_intervals([(1, 3), (2, 4), (5, 7), (6, 8)])
    [(1, 4), (5, 8)]
   
loaded 4s vram 9996 MemAvail 88387 MiB rss {'VmRSS': 30492016, 'RssAnon': 456160, 'RssFile': 29189028, 'RssShmem': 846828}
{"D0": {"D0_ps": 40.353, "D0_sd": 0.123, "D0_predicted_n": [1400, 1400, 1400]}, "probe_finish": "length", "probe_tok": 500}
---- probe content ----
```python
def merge_intervals(intervals):
    """Merge overlapping closed intervals and return them sorted.

    >>> merge_intervals([(1, 3), (2, 4), (5, 7), (6, 8)])
    [(1, 4), (5, 8)]
   
PHASE B1 DONE Tue Oct  6 12:28:24 PM CST 2026
