538 MiB, 15393 MiB
loaded 12138 MiB, MemAvail 88235 MiB
{"turn": 1, "prompt_n": 20047, "ttft_s": 25.93, "prompt_ps": 773.1167778488834, "predicted_n": 800, "decode_ps": 37.9759927086094, "finish_reason": "length", "content_len": 1457, "reasoning_len": 2322, "depth": 20889, "appended_est": 20000, "wall_s": 47.03, "peak_mib": 12476}
{"turn": 2, "prompt_n": 3036, "ttft_s": 4.95, "prompt_ps": 613.2928188380282, "predicted_n": 800, "decode_ps": 37.45475662283538, "finish_reason": "length", "content_len": 0, "reasoning_len": 3523, "depth": 24724, "appended_est": 3800, "wall_s": 26.31, "peak_mib": 12520}
{"turn": 3, "prompt_n": 3032, "ttft_s": 5.133, "prompt_ps": 590.6866713072196, "predicted_n": 800, "decode_ps": 36.977682140769915, "finish_reason": "length", "content_len": 1037, "reasoning_len": 2610, "depth": 28555, "appended_est": 3800, "wall_s": 26.77, "peak_mib": 12566}
{"turn": 4, "prompt_n": 3033, "ttft_s": 5.063, "prompt_ps": 599.0079338432965, "predicted_n": 800, "decode_ps": 36.3481211046608, "finish_reason": "length", "content_len": 0, "reasoning_len": 2989, "depth": 32387, "appended_est": 3800, "wall_s": 27.08, "peak_mib": 12610}
{"turn": 5, "prompt_n": 3039, "ttft_s": 4.882, "prompt_ps": 622.5127144995685, "predicted_n": 800, "decode_ps": 35.909445815679916, "finish_reason": "length", "content_len": 0, "reasoning_len": 3101, "depth": 36225, "appended_est": 3800, "wall_s": 27.17, "peak_mib": 12622}
{"turn": 6, "prompt_n": 3038, "ttft_s": 4.939, "prompt_ps": 615.1613168420963, "predicted_n": 800, "decode_ps": 35.23290426946513, "finish_reason": "length", "content_len": 0, "reasoning_len": 3529, "depth": 40062, "appended_est": 3800, "wall_s": 27.65, "peak_mib": 12622}
{"turn": 7, "prompt_n": 3039, "ttft_s": 4.948, "prompt_ps": 614.1696765494294, "predicted_n": 800, "decode_ps": 33.76487720001523, "finish_reason": "length", "content_len": 0, "reasoning_len": 3122, "depth": 43900, "appended_est": 3800, "wall_s": 28.65, "peak_mib": 12622}
{"turn": 8, "prompt_n": 3032, "ttft_s": 5.127, "prompt_ps": 591.4184250246457, "predicted_n": 800, "decode_ps": 34.53064640246414, "finish_reason": "length", "content_len": 1865, "reasoning_len": 1565, "depth": 47731, "appended_est": 3800, "wall_s": 28.31, "peak_mib": 12622}
{"turn": 9, "prompt_n": 3032, "ttft_s": 4.98, "prompt_ps": 608.8017227964319, "predicted_n": 800, "decode_ps": 34.314888014501065, "finish_reason": "length", "content_len": 0, "reasoning_len": 3371, "depth": 51562, "appended_est": 3800, "wall_s": 28.31, "peak_mib": 12622}
{"turn": 10, "prompt_n": 3040, "ttft_s": 5.002, "prompt_ps": 607.7250651805124, "predicted_n": 800, "decode_ps": 33.641891371553804, "finish_reason": "length", "content_len": 0, "reasoning_len": 3277, "depth": 55401, "appended_est": 3800, "wall_s": 28.8, "peak_mib": 12622}
{"turn": 11, "prompt_n": 3038, "ttft_s": 5.0, "prompt_ps": 607.5866330940719, "predicted_n": 800, "decode_ps": 33.53301213827889, "finish_reason": "length", "content_len": 473, "reasoning_len": 2701, "depth": 59238, "appended_est": 3800, "wall_s": 28.88, "peak_mib": 12622}
{"turn": 12, "prompt_n": 3037, "ttft_s": 4.977, "prompt_ps": 610.1776507015235, "predicted_n": 594, "decode_ps": 33.27869006096847, "finish_reason": "stop", "content_len": 0, "reasoning_len": 2413, "depth": 62868, "appended_est": 3800, "wall_s": 22.85, "peak_mib": 12622}
{"turn": 13, "prompt_n": 3032, "ttft_s": 5.024, "prompt_ps": 603.5250480809616, "predicted_n": 800, "decode_ps": 32.70739404472448, "finish_reason": "length", "content_len": 2025, "reasoning_len": 1366, "depth": 66699, "appended_est": 3594, "wall_s": 29.51, "peak_mib": 12622}
{"turn": 14, "prompt_n": 3031, "ttft_s": 4.979, "prompt_ps": 608.7619136373515, "predicted_n": 800, "decode_ps": 32.08030241727689, "finish_reason": "length", "content_len": 0, "reasoning_len": 3186, "depth": 70529, "appended_est": 3800, "wall_s": 29.95, "peak_mib": 12622}
{"turn": 15, "prompt_n": 3039, "ttft_s": 4.697, "prompt_ps": 646.9628616919432, "predicted_n": 800, "decode_ps": 31.76605426166864, "finish_reason": "length", "content_len": 0, "reasoning_len": 3729, "depth": 74367, "appended_est": 3800, "wall_s": 29.91, "peak_mib": 12622}
{"turn": 16, "prompt_n": 3036, "ttft_s": 4.839, "prompt_ps": 627.4076717740325, "predicted_n": 489, "decode_ps": 31.435579832812962, "finish_reason": "stop", "content_len": 858, "reasoning_len": 1423, "depth": 77891, "appended_est": 3800, "wall_s": 20.43, "peak_mib": 12622}
{"session_s": 799.72, "sum_ttft_s": 100.47, "sum_decode_s": 699.25, "last_depth": 77891, "last_decode_ps": 31.435579832812962, "reuse_broken_turns": [], "peak_vram_mib": 12622}
PHASE B3 session DONE
