loaded in 4s, vram 11706 MiB
  rep 1/1 done
FULL in the same load
{"FULL_prompt_n": 120182, "FULL_prefill_ps": 671.7768781823838, "FULL_TTFT_s": 178.90166200000002, "FULL_decode_ps": 35.53376868929858, "retrieved": {"early": "1000003", "mid": "1337774", "late": "1675545"}, "needles_ok": true, "finish_ok": true}
{
  "D0_ps": 37.707,
  "D0_sd": 0.0,
  "D0_predicted_n": [
    1400
  ]
}
{"item": "300", "target": 300, "templated_n": 300, "kind": "prose", "load_vram_mib": 11706, "mem_avail_kb": 89410828, "prompt_n": 300, "finish_reason": "stop", "predicted_n": 269, "alive_after": true, "crash": null, "ok": true}
{"item": "508", "target": 508, "templated_n": 508, "kind": "source", "load_vram_mib": 11706, "mem_avail_kb": 89457672, "prompt_n": 508, "finish_reason": "length", "predicted_n": 300, "alive_after": true, "crash": null, "ok": true}
{"item": "777", "target": 777, "templated_n": 777, "kind": "prose", "load_vram_mib": 11706, "mem_avail_kb": 89457508, "prompt_n": 777, "finish_reason": "length", "predicted_n": 300, "alive_after": true, "crash": null, "ok": true}
{"item": "1016", "target": 1016, "templated_n": 1016, "kind": "source", "load_vram_mib": 11706, "mem_avail_kb": 89445776, "prompt_n": 1016, "finish_reason": "length", "predicted_n": 300, "alive_after": true, "crash": null, "ok": true}
{"item": "1500", "target": 1500, "templated_n": 1500, "kind": "prose", "load_vram_mib": 11706, "mem_avail_kb": 89472280, "prompt_n": 1500, "finish_reason": "stop", "predicted_n": 247, "alive_after": true, "crash": null, "ok": true}
{"item": "2044", "target": 2044, "templated_n": 2044, "kind": "source", "load_vram_mib": 11706, "mem_avail_kb": 89130840, "prompt_n": 2044, "finish_reason": "length", "predicted_n": 300, "alive_after": true, "crash": null, "ok": true}
{"item": "3000", "target": 3000, "templated_n": 3000, "kind": "prose", "load_vram_mib": 11706, "mem_avail_kb": 89429996, "prompt_n": 3000, "finish_reason": "length", "predicted_n": 300, "alive_after": true, "crash": null, "ok": true}
{"item": "4061", "target": 4061, "templated_n": 4061, "kind": "source", "load_vram_mib": 11706, "mem_avail_kb": 89398320, "prompt_n": 4061, "finish_reason": "length", "predicted_n": 300, "alive_after": true, "crash": null, "ok": true}
{"item": "B1", "target": null, "templated_n": 772, "kind": "prompt_B", "load_vram_mib": 11706, "mem_avail_kb": 89422772, "prompt_n": 772, "finish_reason": "length", "predicted_n": 300, "alive_after": true, "crash": null, "ok": true}
{"item": "B2", "target": null, "templated_n": 772, "kind": "prompt_B", "load_vram_mib": 11706, "mem_avail_kb": 89217764, "prompt_n": 772, "finish_reason": "length", "predicted_n": 300, "alive_after": true, "crash": null, "ok": true}
{"item": "B3", "target": null, "templated_n": 772, "kind": "prompt_B", "load_vram_mib": 11706, "mem_avail_kb": 89396772, "prompt_n": 772, "finish_reason": "length", "predicted_n": 300, "alive_after": true, "crash": null, "ok": true}
COLD v4-C3-n47-k2-coldset: 11/11
{
  "status": "SCORED",
  "probes": {
    "probe1": "PASS",
    "probe2": "PASS",
    "probe3": "PASS",
    "probe5": "PASS",
    "probe4": {
      "0": "trips (crit 7 FAIL, control)",
      "-1": "trips (crit 7 FAIL, control)"
    },
    "error": null,
    "gate4": true
  },
  "gate4_pass": true,
  "diag_probes": null,
  "crash": null,
  "finish": "stop",
  "predicted_n": 49744,
  "tps": 37.50248190163155,
  "wall": 1329.3,
  "notifier": "bound in NONE; annotation-only in breaker_events; read: circuit_breaker\u2192breaker_events.NOTIFIER"
}
PHASE C3 DONE Tue Oct  6 02:51:25 PM CST 2026
