loaded 11706 MiB, MemAvail 87327 MiB
{"turn": 1, "prompt_n": 20047, "ttft_s": 29.212, "prompt_ps": 686.2526347657837, "predicted_n": 800, "decode_ps": 40.4308153858127, "finish_reason": "length", "content_len": 1202, "reasoning_len": 2563, "depth": 20889, "appended_est": 20000, "wall_s": 49.04, "peak_mib": 12390}
{"turn": 2, "prompt_n": 3035, "ttft_s": 5.592, "prompt_ps": 542.7198292480032, "predicted_n": 800, "decode_ps": 39.24927291827186, "finish_reason": "length", "content_len": 0, "reasoning_len": 3330, "depth": 24723, "appended_est": 3800, "wall_s": 25.97, "peak_mib": 12478}
{"turn": 3, "prompt_n": 3032, "ttft_s": 5.791, "prompt_ps": 523.5594861657349, "predicted_n": 800, "decode_ps": 36.10509773704183, "finish_reason": "length", "content_len": 0, "reasoning_len": 3795, "depth": 28554, "appended_est": 3800, "wall_s": 27.95, "peak_mib": 12570}
{"turn": 4, "prompt_n": 3036, "ttft_s": 5.746, "prompt_ps": 528.3788706232311, "predicted_n": 800, "decode_ps": 39.726131332104195, "finish_reason": "length", "content_len": 0, "reasoning_len": 2913, "depth": 32389, "appended_est": 3800, "wall_s": 25.89, "peak_mib": 12658}
{"turn": 5, "prompt_n": 3039, "ttft_s": 5.535, "prompt_ps": 549.0695448341752, "predicted_n": 800, "decode_ps": 37.173916937464774, "finish_reason": "length", "content_len": 0, "reasoning_len": 3277, "depth": 36227, "appended_est": 3800, "wall_s": 27.06, "peak_mib": 12682}
{"turn": 6, "prompt_n": 3038, "ttft_s": 5.595, "prompt_ps": 542.9765588905262, "predicted_n": 800, "decode_ps": 36.421424969334666, "finish_reason": "length", "content_len": 0, "reasoning_len": 3770, "depth": 40064, "appended_est": 3800, "wall_s": 27.57, "peak_mib": 12682}
{"turn": 7, "prompt_n": 3039, "ttft_s": 5.556, "prompt_ps": 546.9931754546757, "predicted_n": 800, "decode_ps": 36.48291211627191, "finish_reason": "length", "content_len": 0, "reasoning_len": 3122, "depth": 43902, "appended_est": 3800, "wall_s": 27.5, "peak_mib": 12682}
{"turn": 8, "prompt_n": 3032, "ttft_s": 5.59, "prompt_ps": 542.391704126041, "predicted_n": 800, "decode_ps": 36.020201427310624, "finish_reason": "length", "content_len": 597, "reasoning_len": 2903, "depth": 47733, "appended_est": 3800, "wall_s": 27.81, "peak_mib": 12682}
{"turn": 9, "prompt_n": 3032, "ttft_s": 5.617, "prompt_ps": 539.8194275528323, "predicted_n": 800, "decode_ps": 39.87963437911976, "finish_reason": "length", "content_len": 0, "reasoning_len": 3105, "depth": 51564, "appended_est": 3800, "wall_s": 25.7, "peak_mib": 12682}
{"turn": 10, "prompt_n": 3040, "ttft_s": 5.649, "prompt_ps": 538.1953142662301, "predicted_n": 800, "decode_ps": 33.54333391519892, "finish_reason": "length", "content_len": 0, "reasoning_len": 3328, "depth": 55403, "appended_est": 3800, "wall_s": 29.52, "peak_mib": 12682}
{"turn": 11, "prompt_n": 3038, "ttft_s": 5.65, "prompt_ps": 537.7222418592517, "predicted_n": 800, "decode_ps": 36.541376546125555, "finish_reason": "length", "content_len": 0, "reasoning_len": 3467, "depth": 59240, "appended_est": 3800, "wall_s": 27.57, "peak_mib": 12682}
{"turn": 12, "prompt_n": 3040, "ttft_s": 5.668, "prompt_ps": 536.3722112614875, "predicted_n": 434, "decode_ps": 36.77445403524471, "finish_reason": "stop", "content_len": 0, "reasoning_len": 1754, "depth": 62713, "appended_est": 3800, "wall_s": 17.5, "peak_mib": 12682}
{"turn": 13, "prompt_n": 3029, "ttft_s": 5.645, "prompt_ps": 536.5906458202352, "predicted_n": 800, "decode_ps": 34.43501238281321, "finish_reason": "length", "content_len": 1780, "reasoning_len": 1814, "depth": 66541, "appended_est": 3434, "wall_s": 28.9, "peak_mib": 12686}
{"turn": 14, "prompt_n": 3032, "ttft_s": 5.652, "prompt_ps": 536.4814460935233, "predicted_n": 800, "decode_ps": 33.47794773225033, "finish_reason": "length", "content_len": 0, "reasoning_len": 3329, "depth": 70372, "appended_est": 3800, "wall_s": 29.58, "peak_mib": 12686}
{"turn": 15, "prompt_n": 3039, "ttft_s": 5.368, "prompt_ps": 566.1247281381129, "predicted_n": 580, "decode_ps": 32.862894471797084, "finish_reason": "stop", "content_len": 0, "reasoning_len": 2757, "depth": 73990, "appended_est": 3800, "wall_s": 23.05, "peak_mib": 12686}
{"turn": 16, "prompt_n": 3616, "ttft_s": 7.158, "prompt_ps": 505.1681947445744, "predicted_n": 602, "decode_ps": 33.77346356590681, "finish_reason": "stop", "content_len": 1052, "reasoning_len": 1777, "depth": 77624, "appended_est": 3580, "wall_s": 25.02, "peak_mib": 12686}
{"session_s": 776.53, "sum_ttft_s": 115.02, "sum_decode_s": 661.51, "last_depth": 77624, "last_decode_ps": 33.77346356590681, "reuse_broken_turns": [], "peak_vram_mib": 12686}
loaded 9996 MiB, MemAvail 88247 MiB
{"turn": 1, "prompt_n": 20047, "ttft_s": 27.287, "prompt_ps": 734.6638957569577, "predicted_n": 800, "decode_ps": 37.04377851362557, "finish_reason": "length", "content_len": 1723, "reasoning_len": 1832, "depth": 20889, "appended_est": 20000, "wall_s": 48.92, "peak_mib": 10334}
{"turn": 2, "prompt_n": 3035, "ttft_s": 5.213, "prompt_ps": 582.1888574615607, "predicted_n": 800, "decode_ps": 36.56509259205868, "finish_reason": "length", "content_len": 0, "reasoning_len": 3436, "depth": 24723, "appended_est": 3800, "wall_s": 27.09, "peak_mib": 10378}
{"turn": 3, "prompt_n": 3032, "ttft_s": 5.405, "prompt_ps": 561.0107519042818, "predicted_n": 800, "decode_ps": 36.07944576552614, "finish_reason": "length", "content_len": 0, "reasoning_len": 4130, "depth": 28554, "appended_est": 3800, "wall_s": 27.58, "peak_mib": 10424}
{"turn": 4, "prompt_n": 3036, "ttft_s": 5.37, "prompt_ps": 565.3571274941775, "predicted_n": 800, "decode_ps": 35.47811331212077, "finish_reason": "length", "content_len": 0, "reasoning_len": 2850, "depth": 32389, "appended_est": 3800, "wall_s": 27.92, "peak_mib": 10468}
{"turn": 5, "prompt_n": 3039, "ttft_s": 5.17, "prompt_ps": 587.8550197479826, "predicted_n": 800, "decode_ps": 35.11831046731351, "finish_reason": "length", "content_len": 0, "reasoning_len": 3463, "depth": 36227, "appended_est": 3800, "wall_s": 27.95, "peak_mib": 10480}
{"turn": 6, "prompt_n": 3038, "ttft_s": 5.211, "prompt_ps": 582.9632725462677, "predicted_n": 800, "decode_ps": 34.89684444738139, "finish_reason": "length", "content_len": 0, "reasoning_len": 3893, "depth": 40064, "appended_est": 3800, "wall_s": 28.14, "peak_mib": 10480}
{"turn": 7, "prompt_n": 3039, "ttft_s": 5.188, "prompt_ps": 585.8026421453292, "predicted_n": 620, "decode_ps": 34.45251502803121, "finish_reason": "stop", "content_len": 0, "reasoning_len": 2580, "depth": 43722, "appended_est": 3800, "wall_s": 23.19, "peak_mib": 10480}
{"turn": 8, "prompt_n": 3028, "ttft_s": 5.163, "prompt_ps": 586.4284801276664, "predicted_n": 800, "decode_ps": 34.042163029665595, "finish_reason": "length", "content_len": 90, "reasoning_len": 3571, "depth": 47549, "appended_est": 3620, "wall_s": 28.67, "peak_mib": 10480}
{"turn": 9, "prompt_n": 3032, "ttft_s": 5.231, "prompt_ps": 579.6562821779017, "predicted_n": 800, "decode_ps": 33.68127055363704, "finish_reason": "length", "content_len": 0, "reasoning_len": 3149, "depth": 51380, "appended_est": 3800, "wall_s": 29.0, "peak_mib": 10480}
{"turn": 10, "prompt_n": 3040, "ttft_s": 5.259, "prompt_ps": 578.0279776949651, "predicted_n": 800, "decode_ps": 33.224818332182316, "finish_reason": "length", "content_len": 0, "reasoning_len": 3247, "depth": 55219, "appended_est": 3800, "wall_s": 29.36, "peak_mib": 10480}
{"turn": 11, "prompt_n": 3038, "ttft_s": 5.258, "prompt_ps": 577.8209569080226, "predicted_n": 800, "decode_ps": 32.89348012525706, "finish_reason": "length", "content_len": 0, "reasoning_len": 3783, "depth": 59056, "appended_est": 3800, "wall_s": 29.6, "peak_mib": 10480}
{"turn": 12, "prompt_n": 3040, "ttft_s": 5.29, "prompt_ps": 574.651589119577, "predicted_n": 574, "decode_ps": 32.59997425000289, "finish_reason": "stop", "content_len": 0, "reasoning_len": 2338, "depth": 62669, "appended_est": 3800, "wall_s": 22.92, "peak_mib": 10480}
{"turn": 13, "prompt_n": 3029, "ttft_s": 5.24, "prompt_ps": 578.039425380339, "predicted_n": 800, "decode_ps": 32.081322579224306, "finish_reason": "length", "content_len": 1925, "reasoning_len": 1643, "depth": 66497, "appended_est": 3574, "wall_s": 30.2, "peak_mib": 10482}
{"turn": 14, "prompt_n": 3032, "ttft_s": 5.263, "prompt_ps": 576.107791439859, "predicted_n": 800, "decode_ps": 31.79373909253904, "finish_reason": "length", "content_len": 633, "reasoning_len": 2514, "depth": 70328, "appended_est": 3800, "wall_s": 30.45, "peak_mib": 10482}
{"turn": 15, "prompt_n": 3036, "ttft_s": 4.945, "prompt_ps": 613.9993055093494, "predicted_n": 282, "decode_ps": 31.40182320550035, "finish_reason": "stop", "content_len": 0, "reasoning_len": 1310, "depth": 73645, "appended_est": 3800, "wall_s": 13.95, "peak_mib": 10482}
{"turn": 16, "prompt_n": 3318, "ttft_s": 6.329, "prompt_ps": 524.219145721863, "predicted_n": 685, "decode_ps": 31.003459605347718, "finish_reason": "stop", "content_len": 1737, "reasoning_len": 1174, "depth": 77362, "appended_est": 3282, "wall_s": 28.46, "peak_mib": 10482}
{"session_s": 816.87, "sum_ttft_s": 106.82, "sum_decode_s": 710.05, "last_depth": 77362, "last_decode_ps": 31.003459605347718, "reuse_broken_turns": [], "peak_vram_mib": 10482}
S2 DONE Tue Oct  6 03:07:30 PM CST 2026
