
===== [00:13:46] B-c128-b2048-ub1024-n42
-ncmoe 42 -t 16 -b 2048 -ub 1024 -c 131072 --cache-type-k q8_0 --cache-type-v q8_0
loaded in 4s, vram 12796 MiB
  rep 1/3 done
  rep 2/3 done
  rep 3/3 done
{
  "P4k_ps": 420.623,
  "P4k_sd": 1.832,
  "P4k_n": 4061,
  "P32k_ps": 402.925,
  "P32k_sd": 11.818,
  "TTFT32k_s": 79.615,
  "TTFT32k_sd": 2.375,
  "D32k_ps": 29.579,
  "D32k_sd": 0.087,
  "P32k_n": 32060,
  "D32k_predicted_n": [
    1400,
    1400,
    1400
  ],
  "D0_ps": 36.853,
  "D0_sd": 0.569,
  "D0_predicted_n": [
    1400,
    1400,
    1400
  ],
  "T_turn_s": 130.327,
  "T_turn_sd": 2.38
}
----- B-c128-b2048-ub1024-n42 rc=0

===== [00:23:04] B-c128-b2048-ub2048-n43
-ncmoe 43 -t 16 -b 2048 -ub 2048 -c 131072 --cache-type-k q8_0 --cache-type-v q8_0
loaded in 4s, vram 12296 MiB
  rep 1/3 done
  rep 2/3 done
  rep 3/3 done
{
  "P4k_ps": 602.579,
  "P4k_sd": 0.553,
  "P4k_n": 4061,
  "P32k_ps": 566.516,
  "P32k_sd": 21.09,
  "TTFT32k_s": 56.645,
  "TTFT32k_sd": 2.155,
  "D32k_ps": 29.782,
  "D32k_sd": 0.012,
  "P32k_n": 32060,
  "D32k_predicted_n": [
    1400,
    1400,
    1400
  ],
  "D0_ps": 36.838,
  "D0_sd": 0.078,
  "D0_predicted_n": [
    1400,
    1400,
    1400
  ],
  "T_turn_s": 107.011,
  "T_turn_sd": 2.155
}
----- B-c128-b2048-ub2048-n43 rc=0

===== [00:31:00] B-c128-b4096-ub4096-n44
-ncmoe 44 -t 16 -b 4096 -ub 4096 -c 131072 --cache-type-k q8_0 --cache-type-v q8_0
loaded in 4s, vram 12606 MiB
  rep 1/3 done
  rep 2/3 done
  rep 3/3 done
{
  "P4k_ps": 711.605,
  "P4k_sd": 70.333,
  "P4k_n": 4061,
  "P32k_ps": 704.135,
  "P32k_sd": 28.704,
  "TTFT32k_s": 45.583,
  "TTFT32k_sd": 1.903,
  "D32k_ps": 29.448,
  "D32k_sd": 0.059,
  "P32k_n": 32060,
  "D32k_predicted_n": [
    1400,
    1400,
    1400
  ],
  "D0_ps": 36.183,
  "D0_sd": 0.043,
  "D0_predicted_n": [
    1400,
    1400,
    1400
  ],
  "T_turn_s": 96.52,
  "T_turn_sd": 1.906
}
----- B-c128-b4096-ub4096-n44 rc=0
PHASE B BENCH DONE
