
===== [01:54:12] bench B3-ub2048-n46-t12
-ncmoe 46 -t 12 -b 2048 -ub 2048 -c 131072 --cache-type-k q8_0 --cache-type-v q8_0
loaded in 16s, vram 9558 MiB
  rep 1/3 done
  rep 2/3 done
  rep 3/3 done
{
  "P4k_ps": 560.582,
  "P4k_sd": 24.986,
  "P4k_n": 4061,
  "P32k_ps": 547.575,
  "P32k_sd": 19.861,
  "TTFT32k_s": 58.602,
  "TTFT32k_sd": 2.171,
  "D32k_ps": 28.669,
  "D32k_sd": 0.044,
  "P32k_n": 32060,
  "D32k_predicted_n": [
    1400,
    1400,
    1400
  ],
  "D0_ps": 35.297,
  "D0_sd": 0.039,
  "D0_predicted_n": [
    1400,
    1400,
    1400
  ],
  "T_turn_s": 110.923,
  "T_turn_sd": 2.172
}
----- B3-ub2048-n46-t12 rc=0

===== [02:02:40] bench B3-ub2048-n46-tb32
-ncmoe 46 -t 16 -tb 32 -b 2048 -ub 2048 -c 131072 --cache-type-k q8_0 --cache-type-v q8_0
loaded in 4s, vram 9558 MiB
  rep 1/3 done
  rep 2/3 done
  rep 3/3 done
{
  "P4k_ps": 564.787,
  "P4k_sd": 25.391,
  "P4k_n": 4061,
  "P32k_ps": 548.194,
  "P32k_sd": 19.989,
  "TTFT32k_s": 58.536,
  "TTFT32k_sd": 2.179,
  "D32k_ps": 29.112,
  "D32k_sd": 0.017,
  "P32k_n": 32060,
  "D32k_predicted_n": [
    1278,
    591,
    1400
  ],
  "D0_ps": 35.877,
  "D0_sd": 0.097,
  "D0_predicted_n": [
    1400,
    1400,
    1400
  ],
  "T_turn_s": 110.061,
  "T_turn_sd": 2.179
}
----- B3-ub2048-n46-tb32 rc=0

===== [02:10:20] load B3-load-c256-n46
-ncmoe 46 -t 16 -b 2048 -ub 2048 -c 262144 --cache-type-k q8_0 --cache-type-v q8_0
{"label": "B3-load-c256-n46", "load_s": 4.0, "load_vram_mib": 12424, "board_free_mib": 2661}
----- B3-load-c256-n46 rc=0
   c256 n46: ok=True load_vram=12424
256k lowest load-passing ncmoe = 46

===== [02:10:33] bench B3-c256-n46
-ncmoe 46 -t 16 -b 2048 -ub 2048 -c 262144 --cache-type-k q8_0 --cache-type-v q8_0
loaded in 4s, vram 12424 MiB
  rep 1/3 done
  rep 2/3 done
  rep 3/3 done
{
  "P4k_ps": 574.297,
  "P4k_sd": 9.276,
  "P4k_n": 4061,
  "P32k_ps": 548.821,
  "P32k_sd": 19.047,
  "TTFT32k_s": 58.464,
  "TTFT32k_sd": 2.07,
  "D32k_ps": 28.898,
  "D32k_sd": 0.079,
  "P32k_n": 32060,
  "D32k_predicted_n": [
    1400,
    1400,
    1400
  ],
  "D0_ps": 35.564,
  "D0_sd": 0.108,
  "D0_predicted_n": [
    1400,
    1400,
    1400
  ],
  "T_turn_s": 110.371,
  "T_turn_sd": 2.075
}
----- B3-c256-n46 rc=0

===== [02:18:46] fullprobe B3-c256-probe-n46
-ncmoe 46 -t 16 -b 2048 -ub 2048 -c 262144 --cache-type-k q8_0 --cache-type-v q8_0
loaded 12424 MiB; prefill probe
{
  "load_vram_mib": 12424,
  "peak_vram_mib": 14866,
  "completed": false,
  "reached": null,
  "max_tokens_seen": 124970,
  "oom_alloc_mib": 4679.78,
  "FULL_prefill_ps": null
}
----- B3-c256-probe-n46 rc=1
PB3 DONE
