
===== [03:29:40] task02 winner (a)
-ncmoe 46 -t 16 -b 2048 -ub 2048 -c 131072 --cache-type-k q8_0 --cache-type-v q8_0
  loaded 9558 MiB
Traceback (most recent call last):
  File "/home/zef/flashnext-opt/task02.py", line 83, in <module>
    meta, side = run(label, outdir)
                 ~~~^^^^^^^^^^^^^^^
  File "/home/zef/flashnext-opt/task02.py", line 42, in run
    r=post("/v1/chat/completions",{"messages":[{"role":"user","content":prompt}],
            "max_tokens":max_tokens,"temperature":0.3,"top_p":0.95,"top_k":20,
            "seed":20260929,"cache_prompt":False,"stream":False})
  File "/home/zef/flashnext-opt/task02.py", line 17, in post
    with urllib.request.urlopen(req,timeout=timeout) as r: return json.loads(r.read().decode())
         ~~~~~~~~~~~~~~~~~~~~~~^^^^^^^^^^^^^^^^^^^^^
  File "/usr/lib/python3.14/urllib/request.py", line 187, in urlopen
    return opener.open(url, data, timeout)
           ~~~~~~~~~~~^^^^^^^^^^^^^^^^^^^^
  File "/usr/lib/python3.14/urllib/request.py", line 487, in open
    response = self._open(req, data)
  File "/usr/lib/python3.14/urllib/request.py", line 504, in _open
    result = self._call_chain(self.handle_open, protocol, protocol +
                              '_open', req)
  File "/usr/lib/python3.14/urllib/request.py", line 464, in _call_chain
    result = func(*args)
  File "/usr/lib/python3.14/urllib/request.py", line 1349, in http_open
    return self.do_open(http.client.HTTPConnection, req)
           ~~~~~~~~~~~~^^^^^^^^^^^^^^^^^^^^^^^^^^^^^^^^^
  File "/usr/lib/python3.14/urllib/request.py", line 1324, in do_open
    r = h.getresponse()
  File "/usr/lib/python3.14/http/client.py", line 1478, in getresponse
    response.begin()
    ~~~~~~~~~~~~~~^^
  File "/usr/lib/python3.14/http/client.py", line 343, in begin
    version, status, reason = self._read_status()
                              ~~~~~~~~~~~~~~~~~^^
  File "/usr/lib/python3.14/http/client.py", line 312, in _read_status
    raise RemoteDisconnected("Remote end closed connection without"
                             " response")
http.client.RemoteDisconnected: Remote end closed connection without response
----- task02 winner rc=1 server_alive=True

===== [03:29:56] task02 baseline (a)
-ncmoe 42 -t 16 -b 2048 -ub 512 -c 131072 --cache-type-k q8_0 --cache-type-v q8_0
  loaded 12590 MiB
{
  "label": "baseline",
  "wall_s": 1921.3,
  "finish_reason": "stop",
  "content_len": 7387,
  "reasoning_len": 253180,
  "prompt_n": 772,
  "predicted_n": 58765,
  "predicted_ps": 30.637945321452097,
  "files_found": [
    "breaker_events.py",
    "breaker_state.py",
    "call_context.py",
    "circuit_breaker.py"
  ],
  "files_missing": []
}
PROBE 1 (crit 13): counts [1, 2, 3] | breaker_opened fired 1 -> PASS
PROBE 2 (success re-entry): count 2 -> 1 -> PASS (nested failure survived)
PROBE 3 (opened re-entry): fired 1 -> PASS
PROBE 4 (threshold=0):      tripped on first failure -> crit 7 FAIL

PROBE 4 (threshold=-1):      tripped on first failure -> crit 7 FAIL

PROBE 5 (domain rule): [(<BreakerState.HALF_OPEN: 3>, True)] -> PASS

{
  "probe1": "PASS",
  "probe2": "PASS",
  "probe3": "PASS",
  "probe5": "PASS",
  "probe4_control": "FAIL_expected"
}
----- task02 baseline rc=0 server_alive=True
PHASE F2 DONE
