loaded in 4s, vram 12590 MiB
  rep 1/3 done
  rep 2/3 done
  rep 3/3 done
FULL in the same load
{"FULL_prompt_n": 120182, "FULL_prefill_ps": 221.54570570751966, "FULL_TTFT_s": 542.470456, "FULL_decode_ps": 19.81364059395878, "retrieved": {"early": "1000003", "mid": "1337774", "late": "1675545"}, "needles_ok": true, "finish_ok": true}
{
  "P4k_ps": 288.023,
  "P4k_sd": 0.099,
  "P4k_n": 4061,
  "P32k_ps": 280.0,
  "P32k_sd": 4.508,
  "TTFT32k_s": 114.52,
  "TTFT32k_sd": 1.86,
  "D32k_ps": 30.555,
  "D32k_sd": 0.101,
  "P32k_n": 32060,
  "D32k_predicted_n": [
    1400,
    1400,
    1400
  ],
  "D0_ps": 37.904,
  "D0_sd": 0.144,
  "D0_predicted_n": [
    1400,
    1400,
    1400
  ],
  "T_turn_s": 163.612,
  "T_turn_sd": 1.867
}
loaded in 4s, vram 9558 MiB
  rep 1/3 done
  rep 2/3 done
  rep 3/3 done
FULL in the same load
{"FULL_prompt_n": 120182, "FULL_prefill_ps": 351.225988004064, "FULL_TTFT_s": 342.178552, "FULL_decode_ps": 18.82677468588728, "retrieved": {"early": "1000003", "mid": "1337774", "late": "1675545"}, "needles_ok": true, "finish_ok": true}
{
  "P4k_ps": 590.447,
  "P4k_sd": 0.545,
  "P4k_n": 4061,
  "P32k_ps": 558.8,
  "P32k_sd": 15.901,
  "TTFT32k_s": 57.404,
  "TTFT32k_sd": 1.661,
  "D32k_ps": 29.502,
  "D32k_sd": 0.083,
  "P32k_n": 32060,
  "D32k_predicted_n": [
    1400,
    1400,
    1400
  ],
  "D0_ps": 36.42,
  "D0_sd": 0.163,
  "D0_predicted_n": [
    1400,
    1400,
    1400
  ],
  "T_turn_s": 108.248,
  "T_turn_sd": 1.667
}
loaded in 80s, vram 11884 MiB
  rep 1/3 done
  rep 2/3 done
  rep 3/3 done
FULL in the same load
{"FULL_prompt_n": 120182, "FULL_prefill_ps": 297.80521481755267, "FULL_TTFT_s": 403.55908500000004, "FULL_decode_ps": 19.85523768521046, "retrieved": {"early": "1000003", "mid": "1337774", "late": "1675545"}, "needles_ok": true, "finish_ok": true}
{
  "P4k_ps": 426.815,
  "P4k_sd": 0.767,
  "P4k_n": 4061,
  "P32k_ps": 409.921,
  "P32k_sd": 10.514,
  "TTFT32k_s": 78.245,
  "TTFT32k_sd": 2.037,
  "D32k_ps": 30.342,
  "D32k_sd": 0.015,
  "P32k_n": 32060,
  "D32k_predicted_n": [
    1400,
    752,
    1400
  ],
  "D0_ps": 37.655,
  "D0_sd": 0.182,
  "D0_predicted_n": [
    1400,
    1400,
    1400
  ],
  "T_turn_s": 127.681,
  "T_turn_sd": 2.037
}
CHAIN_DONE
